Loading LCDM_control
Loading GEO_28B
Loading GEO_29

========================================================================
PUBLICATION ASSETS COMPLETE
========================================================================

             quantity      value                  definition
0                 eta   0.600000    Canonical GEO efficiency
1                mu_H   0.600000  Hubble-channel realization
2                 Phi   1.889614                GEO operator
3                   R   0.843433                  mu_H^(1/3)
4               alpha   0.534463         Phi*(1-eta)/sqrt(2)
5               P_GEO   1.083680             1 + alpha*(1-R)
6  H0_local_reference  73.040000         External comparison
7      H0_local_sigma   1.040000   External likelihood sigma

              quantity  LCDM_control        GEO_29  GEO_minus_LCDM
0         H0 primitive     68.764470     67.833577       -0.930893
1  H0 local prediction     68.764470     73.509859        4.745389
2             chi2 CMB  10966.161000  10962.919000       -3.242000
3        chi2 local H0     16.901034      0.204111      -16.696923
4           chi2 joint  10983.062034  10963.123111      -19.938923

Files:
/home/leone/GEO-MCMC/publication/tables
/home/leone/GEO-MCMC/publication/figures
/home/leone/GEO-MCMC/publication/summaries/GEO_MCMC_PUBLICATION_SUMMARY.txt
